Archive member included to satisfy reference by file (symbol)

c:/program files (x86)/atmel/studio/7.0/toolchain/avr8/avr8-gnu-toolchain/bin/../lib/gcc/avr/5.4.0/../../../../avr/lib/avr5\libm.a(addsf3.o)
                              MCAL/Uart/static/Uart.o (__subsf3)
c:/program files (x86)/atmel/studio/7.0/toolchain/avr8/avr8-gnu-toolchain/bin/../lib/gcc/avr/5.4.0/../../../../avr/lib/avr5\libm.a(addsf3x.o)
                              c:/program files (x86)/atmel/studio/7.0/toolchain/avr8/avr8-gnu-toolchain/bin/../lib/gcc/avr/5.4.0/../../../../avr/lib/avr5\libm.a(addsf3.o) (__addsf3x)
c:/program files (x86)/atmel/studio/7.0/toolchain/avr8/avr8-gnu-toolchain/bin/../lib/gcc/avr/5.4.0/../../../../avr/lib/avr5\libm.a(divsf3.o)
                              HAL/TempSensor/TempSensor.o (__divsf3)
c:/program files (x86)/atmel/studio/7.0/toolchain/avr8/avr8-gnu-toolchain/bin/../lib/gcc/avr/5.4.0/../../../../avr/lib/avr5\libm.a(divsf3x.o)
                              c:/program files (x86)/atmel/studio/7.0/toolchain/avr8/avr8-gnu-toolchain/bin/../lib/gcc/avr/5.4.0/../../../../avr/lib/avr5\libm.a(divsf3.o) (__divsf3x)
c:/program files (x86)/atmel/studio/7.0/toolchain/avr8/avr8-gnu-toolchain/bin/../lib/gcc/avr/5.4.0/../../../../avr/lib/avr5\libm.a(fixunssfsi.o)
                              HAL/TempSensor/TempSensor.o (__fixunssfsi)
c:/program files (x86)/atmel/studio/7.0/toolchain/avr8/avr8-gnu-toolchain/bin/../lib/gcc/avr/5.4.0/../../../../avr/lib/avr5\libm.a(floatsisf.o)
                              HAL/TempSensor/TempSensor.o (__floatunsisf)
c:/program files (x86)/atmel/studio/7.0/toolchain/avr8/avr8-gnu-toolchain/bin/../lib/gcc/avr/5.4.0/../../../../avr/lib/avr5\libm.a(fp_inf.o)
                              c:/program files (x86)/atmel/studio/7.0/toolchain/avr8/avr8-gnu-toolchain/bin/../lib/gcc/avr/5.4.0/../../../../avr/lib/avr5\libm.a(addsf3x.o) (__fp_inf)
c:/program files (x86)/atmel/studio/7.0/toolchain/avr8/avr8-gnu-toolchain/bin/../lib/gcc/avr/5.4.0/../../../../avr/lib/avr5\libm.a(fp_nan.o)
                              c:/program files (x86)/atmel/studio/7.0/toolchain/avr8/avr8-gnu-toolchain/bin/../lib/gcc/avr/5.4.0/../../../../avr/lib/avr5\libm.a(addsf3x.o) (__fp_nan)
c:/program files (x86)/atmel/studio/7.0/toolchain/avr8/avr8-gnu-toolchain/bin/../lib/gcc/avr/5.4.0/../../../../avr/lib/avr5\libm.a(fp_pscA.o)
                              c:/program files (x86)/atmel/studio/7.0/toolchain/avr8/avr8-gnu-toolchain/bin/../lib/gcc/avr/5.4.0/../../../../avr/lib/avr5\libm.a(addsf3x.o) (__fp_pscA)
c:/program files (x86)/atmel/studio/7.0/toolchain/avr8/avr8-gnu-toolchain/bin/../lib/gcc/avr/5.4.0/../../../../avr/lib/avr5\libm.a(fp_pscB.o)
                              c:/program files (x86)/atmel/studio/7.0/toolchain/avr8/avr8-gnu-toolchain/bin/../lib/gcc/avr/5.4.0/../../../../avr/lib/avr5\libm.a(addsf3x.o) (__fp_pscB)
c:/program files (x86)/atmel/studio/7.0/toolchain/avr8/avr8-gnu-toolchain/bin/../lib/gcc/avr/5.4.0/../../../../avr/lib/avr5\libm.a(fp_round.o)
                              c:/program files (x86)/atmel/studio/7.0/toolchain/avr8/avr8-gnu-toolchain/bin/../lib/gcc/avr/5.4.0/../../../../avr/lib/avr5\libm.a(addsf3.o) (__fp_round)
c:/program files (x86)/atmel/studio/7.0/toolchain/avr8/avr8-gnu-toolchain/bin/../lib/gcc/avr/5.4.0/../../../../avr/lib/avr5\libm.a(fp_split3.o)
                              c:/program files (x86)/atmel/studio/7.0/toolchain/avr8/avr8-gnu-toolchain/bin/../lib/gcc/avr/5.4.0/../../../../avr/lib/avr5\libm.a(addsf3x.o) (__fp_split3)
c:/program files (x86)/atmel/studio/7.0/toolchain/avr8/avr8-gnu-toolchain/bin/../lib/gcc/avr/5.4.0/../../../../avr/lib/avr5\libm.a(fp_zero.o)
                              c:/program files (x86)/atmel/studio/7.0/toolchain/avr8/avr8-gnu-toolchain/bin/../lib/gcc/avr/5.4.0/../../../../avr/lib/avr5\libm.a(addsf3x.o) (__fp_zero)
c:/program files (x86)/atmel/studio/7.0/toolchain/avr8/avr8-gnu-toolchain/bin/../lib/gcc/avr/5.4.0/../../../../avr/lib/avr5\libm.a(mulsf3.o)
                              HAL/TempSensor/TempSensor.o (__mulsf3)
c:/program files (x86)/atmel/studio/7.0/toolchain/avr8/avr8-gnu-toolchain/bin/../lib/gcc/avr/5.4.0/../../../../avr/lib/avr5\libm.a(mulsf3x.o)
                              c:/program files (x86)/atmel/studio/7.0/toolchain/avr8/avr8-gnu-toolchain/bin/../lib/gcc/avr/5.4.0/../../../../avr/lib/avr5\libm.a(mulsf3.o) (__mulsf3x)
c:/program files (x86)/atmel/studio/7.0/toolchain/avr8/avr8-gnu-toolchain/bin/../lib/gcc/avr/5.4.0/avr5\libgcc.a(_exit.o)
                              C:/Program Files (x86)/Atmel/Studio/7.0/Packs/atmel/ATmega_DFP/1.6.364/gcc/dev/atmega32a/avr5/crtatmega32a.o (exit)
c:/program files (x86)/atmel/studio/7.0/toolchain/avr8/avr8-gnu-toolchain/bin/../lib/gcc/avr/5.4.0/avr5\libgcc.a(_copy_data.o)
                              main.o (__do_copy_data)
c:/program files (x86)/atmel/studio/7.0/toolchain/avr8/avr8-gnu-toolchain/bin/../lib/gcc/avr/5.4.0/avr5\libgcc.a(_clear_bss.o)
                              MCAL/Pwm/static/Pwm.o (__do_clear_bss)
c:/program files (x86)/atmel/studio/7.0/toolchain/avr8/avr8-gnu-toolchain/bin/../lib/gcc/avr/5.4.0/avr5\libgcc.a(_umulhisi3.o)
                              MCAL/Pwm/static/Pwm.o (__umulhisi3)
c:/program files (x86)/atmel/studio/7.0/toolchain/avr8/avr8-gnu-toolchain/bin/../lib/gcc/avr/5.4.0/../../../../avr/lib/avr5\libc.a(itoa_ncheck.o)
                              HAL/LCD/LCD.o (__itoa_ncheck)
c:/program files (x86)/atmel/studio/7.0/toolchain/avr8/avr8-gnu-toolchain/bin/../lib/gcc/avr/5.4.0/../../../../avr/lib/avr5\libc.a(utoa_ncheck.o)
                              c:/program files (x86)/atmel/studio/7.0/toolchain/avr8/avr8-gnu-toolchain/bin/../lib/gcc/avr/5.4.0/../../../../avr/lib/avr5\libc.a(itoa_ncheck.o) (__utoa_common)
c:/program files (x86)/atmel/studio/7.0/toolchain/avr8/avr8-gnu-toolchain/bin/../lib/gcc/avr/5.4.0/../../../../avr/lib/avr5\libc.a(strrev.o)
                              c:/program files (x86)/atmel/studio/7.0/toolchain/avr8/avr8-gnu-toolchain/bin/../lib/gcc/avr/5.4.0/../../../../avr/lib/avr5\libc.a(utoa_ncheck.o) (strrev)

Discarded input sections

 .data          0x00000000        0x0 C:/Program Files (x86)/Atmel/Studio/7.0/Packs/atmel/ATmega_DFP/1.6.364/gcc/dev/atmega32a/avr5/crtatmega32a.o
 .bss           0x00000000        0x0 C:/Program Files (x86)/Atmel/Studio/7.0/Packs/atmel/ATmega_DFP/1.6.364/gcc/dev/atmega32a/avr5/crtatmega32a.o
 .text          0x00000000        0x0 HAL/DC_Motor/DC_Motor.o
 .data          0x00000000        0x0 HAL/DC_Motor/DC_Motor.o
 .bss           0x00000000        0x0 HAL/DC_Motor/DC_Motor.o
 .text.DcMotor_Init
                0x00000000       0x2e HAL/DC_Motor/DC_Motor.o
 .text.DcMotor_Control
                0x00000000       0x72 HAL/DC_Motor/DC_Motor.o
 .debug_info    0x00000000      0x484 HAL/DC_Motor/DC_Motor.o
 .debug_abbrev  0x00000000      0x118 HAL/DC_Motor/DC_Motor.o
 .debug_loc     0x00000000       0x9e HAL/DC_Motor/DC_Motor.o
 .debug_aranges
                0x00000000       0x28 HAL/DC_Motor/DC_Motor.o
 .debug_ranges  0x00000000       0x18 HAL/DC_Motor/DC_Motor.o
 .debug_line    0x00000000      0x114 HAL/DC_Motor/DC_Motor.o
 .debug_str     0x00000000      0x4b7 HAL/DC_Motor/DC_Motor.o
 .comment       0x00000000       0x31 HAL/DC_Motor/DC_Motor.o
 .debug_frame   0x00000000       0x3c HAL/DC_Motor/DC_Motor.o
 .text          0x00000000        0x0 HAL/LCD/LCD.o
 .data          0x00000000        0x0 HAL/LCD/LCD.o
 .bss           0x00000000        0x0 HAL/LCD/LCD.o
 .text.LCD_Send_Instruction
                0x00000000       0xc4 HAL/LCD/LCD.o
 .text.LCD_Init
                0x00000000       0x56 HAL/LCD/LCD.o
 .text.LCD_Clear
                0x00000000        0x8 HAL/LCD/LCD.o
 .text.LCD_RowCol_Select
                0x00000000       0x26 HAL/LCD/LCD.o
 .text.LCD_CharDisplay
                0x00000000       0xc4 HAL/LCD/LCD.o
 .text.LCD_StringDisplay
                0x00000000       0x1a HAL/LCD/LCD.o
 .text.LCD_IntegerDisplay
                0x00000000       0x3e HAL/LCD/LCD.o
 .debug_info    0x00000000      0x96a HAL/LCD/LCD.o
 .debug_abbrev  0x00000000      0x1ff HAL/LCD/LCD.o
 .debug_loc     0x00000000      0x6d1 HAL/LCD/LCD.o
 .debug_aranges
                0x00000000       0x50 HAL/LCD/LCD.o
 .debug_ranges  0x00000000       0x40 HAL/LCD/LCD.o
 .debug_line    0x00000000      0x36c HAL/LCD/LCD.o
 .debug_str     0x00000000      0x35e HAL/LCD/LCD.o
 .comment       0x00000000       0x31 HAL/LCD/LCD.o
 .debug_frame   0x00000000       0xb0 HAL/LCD/LCD.o
 .text          0x00000000        0x0 HAL/Led/Led.o
 .data          0x00000000        0x0 HAL/Led/Led.o
 .bss           0x00000000        0x0 HAL/Led/Led.o
 .text.Led_Init
                0x00000000        0x8 HAL/Led/Led.o
 .text.Led_StateSet
                0x00000000       0x10 HAL/Led/Led.o
 .debug_info    0x00000000      0x1ee HAL/Led/Led.o
 .debug_abbrev  0x00000000       0xc0 HAL/Led/Led.o
 .debug_loc     0x00000000       0xff HAL/Led/Led.o
 .debug_aranges
                0x00000000       0x28 HAL/Led/Led.o
 .debug_ranges  0x00000000       0x18 HAL/Led/Led.o
 .debug_line    0x00000000       0x9b HAL/Led/Led.o
 .debug_str     0x00000000      0x254 HAL/Led/Led.o
 .comment       0x00000000       0x31 HAL/Led/Led.o
 .debug_frame   0x00000000       0x34 HAL/Led/Led.o
 .text          0x00000000        0x0 HAL/Pot/Potentiometer.o
 .data          0x00000000        0x0 HAL/Pot/Potentiometer.o
 .bss           0x00000000        0x0 HAL/Pot/Potentiometer.o
 .text.Pot_Init
                0x00000000        0xa HAL/Pot/Potentiometer.o
 .text.Pot_ValueGet
                0x00000000       0x32 HAL/Pot/Potentiometer.o
 .debug_info    0x00000000      0x367 HAL/Pot/Potentiometer.o
 .debug_abbrev  0x00000000      0x100 HAL/Pot/Potentiometer.o
 .debug_loc     0x00000000       0x48 HAL/Pot/Potentiometer.o
 .debug_aranges
                0x00000000       0x28 HAL/Pot/Potentiometer.o
 .debug_ranges  0x00000000       0x18 HAL/Pot/Potentiometer.o
 .debug_line    0x00000000       0xa9 HAL/Pot/Potentiometer.o
 .debug_str     0x00000000      0x558 HAL/Pot/Potentiometer.o
 .comment       0x00000000       0x31 HAL/Pot/Potentiometer.o
 .debug_frame   0x00000000       0x44 HAL/Pot/Potentiometer.o
 .text          0x00000000        0x0 HAL/TempSensor/TempSensor.o
 .data          0x00000000        0x0 HAL/TempSensor/TempSensor.o
 .bss           0x00000000        0x0 HAL/TempSensor/TempSensor.o
 .text.TempSensor_Init
                0x00000000        0xa HAL/TempSensor/TempSensor.o
 .text.TempSensor_ValueGet
                0x00000000       0xa4 HAL/TempSensor/TempSensor.o
 .debug_info    0x00000000      0x396 HAL/TempSensor/TempSensor.o
 .debug_abbrev  0x00000000      0x10f HAL/TempSensor/TempSensor.o
 .debug_loc     0x00000000       0xf3 HAL/TempSensor/TempSensor.o
 .debug_aranges
                0x00000000       0x28 HAL/TempSensor/TempSensor.o
 .debug_ranges  0x00000000       0x18 HAL/TempSensor/TempSensor.o
 .debug_line    0x00000000       0xd1 HAL/TempSensor/TempSensor.o
 .debug_str     0x00000000      0x591 HAL/TempSensor/TempSensor.o
 .comment       0x00000000       0x31 HAL/TempSensor/TempSensor.o
 .debug_frame   0x00000000       0x64 HAL/TempSensor/TempSensor.o
 .text          0x00000000        0x0 main.o
 .data          0x00000000        0x0 main.o
 .bss           0x00000000        0x0 main.o
 .text          0x00000000        0x0 MCAL/Adc/config/Adc_Lcfg.o
 .data          0x00000000        0x0 MCAL/Adc/config/Adc_Lcfg.o
 .bss           0x00000000        0x0 MCAL/Adc/config/Adc_Lcfg.o
 .rodata.gStrAdc_Configuration
                0x00000000        0x8 MCAL/Adc/config/Adc_Lcfg.o
 .debug_info    0x00000000      0x268 MCAL/Adc/config/Adc_Lcfg.o
 .debug_abbrev  0x00000000       0x74 MCAL/Adc/config/Adc_Lcfg.o
 .debug_aranges
                0x00000000       0x18 MCAL/Adc/config/Adc_Lcfg.o
 .debug_line    0x00000000       0x57 MCAL/Adc/config/Adc_Lcfg.o
 .debug_str     0x00000000      0x47b MCAL/Adc/config/Adc_Lcfg.o
 .comment       0x00000000       0x31 MCAL/Adc/config/Adc_Lcfg.o
 .text          0x00000000        0x0 MCAL/Adc/static/Adc.o
 .data          0x00000000        0x0 MCAL/Adc/static/Adc.o
 .bss           0x00000000        0x0 MCAL/Adc/static/Adc.o
 .text.Adc_ConvStateGet
                0x00000000        0xc MCAL/Adc/static/Adc.o
 .text.Adc_Init
                0x00000000       0x70 MCAL/Adc/static/Adc.o
 .text.Adc_StartGroupConversion
                0x00000000        0xc MCAL/Adc/static/Adc.o
 .text.Adc_StopGroupConversion
                0x00000000        0xc MCAL/Adc/static/Adc.o
 .text.Adc_ReadChannel
                0x00000000       0x78 MCAL/Adc/static/Adc.o
 .debug_info    0x00000000      0x40a MCAL/Adc/static/Adc.o
 .debug_abbrev  0x00000000       0xfa MCAL/Adc/static/Adc.o
 .debug_loc     0x00000000      0x148 MCAL/Adc/static/Adc.o
 .debug_aranges
                0x00000000       0x40 MCAL/Adc/static/Adc.o
 .debug_ranges  0x00000000       0x30 MCAL/Adc/static/Adc.o
 .debug_line    0x00000000      0x18c MCAL/Adc/static/Adc.o
 .debug_str     0x00000000      0x5d0 MCAL/Adc/static/Adc.o
 .comment       0x00000000       0x31 MCAL/Adc/static/Adc.o
 .debug_frame   0x00000000       0x74 MCAL/Adc/static/Adc.o
 .text          0x00000000        0x0 MCAL/Dio/Dio.o
 .data          0x00000000        0x0 MCAL/Dio/Dio.o
 .bss           0x00000000        0x0 MCAL/Dio/Dio.o
 .text.Dio_ChannelDirectionSet
                0x00000000       0x3c MCAL/Dio/Dio.o
 .text.Dio_ChannelRead
                0x00000000       0x2a MCAL/Dio/Dio.o
 .text.Dio_ChannelWrite
                0x00000000       0x3c MCAL/Dio/Dio.o
 .text.Dio_ChannelToggle
                0x00000000       0x18 MCAL/Dio/Dio.o
 .text.Dio_PortWrite
                0x00000000        0x6 MCAL/Dio/Dio.o
 .text.Dio_PortRead
                0x00000000        0x6 MCAL/Dio/Dio.o
 .debug_info    0x00000000      0x2a2 MCAL/Dio/Dio.o
 .debug_abbrev  0x00000000       0xd3 MCAL/Dio/Dio.o
 .debug_loc     0x00000000       0xc4 MCAL/Dio/Dio.o
 .debug_aranges
                0x00000000       0x48 MCAL/Dio/Dio.o
 .debug_ranges  0x00000000       0x38 MCAL/Dio/Dio.o
 .debug_line    0x00000000      0x103 MCAL/Dio/Dio.o
 .debug_str     0x00000000      0x2e9 MCAL/Dio/Dio.o
 .comment       0x00000000       0x31 MCAL/Dio/Dio.o
 .debug_frame   0x00000000       0x74 MCAL/Dio/Dio.o
 .text          0x00000000        0x0 MCAL/Ext_Interrupts/Ext_Interrupts.o
 .data          0x00000000        0x0 MCAL/Ext_Interrupts/Ext_Interrupts.o
 .bss           0x00000000        0x0 MCAL/Ext_Interrupts/Ext_Interrupts.o
 .text.Ext_Interrupt_ModeSet
                0x00000000       0xbe MCAL/Ext_Interrupts/Ext_Interrupts.o
 .text.Ext_Interrupts_Enable
                0x00000000       0x52 MCAL/Ext_Interrupts/Ext_Interrupts.o
 .text.EXT_Interrupts_Disable
                0x00000000       0x24 MCAL/Ext_Interrupts/Ext_Interrupts.o
 .text.Global_Interrupts_StateSet
                0x00000000       0x1a MCAL/Ext_Interrupts/Ext_Interrupts.o
 .debug_info    0x00000000      0x206 MCAL/Ext_Interrupts/Ext_Interrupts.o
 .debug_abbrev  0x00000000       0xd2 MCAL/Ext_Interrupts/Ext_Interrupts.o
 .debug_loc     0x00000000      0x1c0 MCAL/Ext_Interrupts/Ext_Interrupts.o
 .debug_aranges
                0x00000000       0x38 MCAL/Ext_Interrupts/Ext_Interrupts.o
 .debug_ranges  0x00000000       0x28 MCAL/Ext_Interrupts/Ext_Interrupts.o
 .debug_line    0x00000000      0x17e MCAL/Ext_Interrupts/Ext_Interrupts.o
 .debug_str     0x00000000      0x2fe MCAL/Ext_Interrupts/Ext_Interrupts.o
 .comment       0x00000000       0x31 MCAL/Ext_Interrupts/Ext_Interrupts.o
 .debug_frame   0x00000000       0x54 MCAL/Ext_Interrupts/Ext_Interrupts.o
 .text          0x00000000        0x0 MCAL/Gpt/config/Gpt_Lcfg.o
 .data          0x00000000        0x0 MCAL/Gpt/config/Gpt_Lcfg.o
 .bss           0x00000000        0x0 MCAL/Gpt/config/Gpt_Lcfg.o
 .rodata.gaStrGpt_Configuration
                0x00000000       0x12 MCAL/Gpt/config/Gpt_Lcfg.o
 .debug_info    0x00000000      0x1c8 MCAL/Gpt/config/Gpt_Lcfg.o
 .debug_abbrev  0x00000000       0x86 MCAL/Gpt/config/Gpt_Lcfg.o
 .debug_aranges
                0x00000000       0x18 MCAL/Gpt/config/Gpt_Lcfg.o
 .debug_line    0x00000000       0x6e MCAL/Gpt/config/Gpt_Lcfg.o
 .debug_str     0x00000000      0x350 MCAL/Gpt/config/Gpt_Lcfg.o
 .comment       0x00000000       0x31 MCAL/Gpt/config/Gpt_Lcfg.o
 .text          0x00000000        0x0 MCAL/Gpt/static/Gpt.o
 .data          0x00000000        0x0 MCAL/Gpt/static/Gpt.o
 .bss           0x00000000        0x0 MCAL/Gpt/static/Gpt.o
 .text.Gpt_Init
                0x00000000       0xa8 MCAL/Gpt/static/Gpt.o
 .text.Gpt_StatusGet
                0x00000000       0x82 MCAL/Gpt/static/Gpt.o
 .debug_info    0x00000000      0x26b MCAL/Gpt/static/Gpt.o
 .debug_abbrev  0x00000000       0xe9 MCAL/Gpt/static/Gpt.o
 .debug_loc     0x00000000       0xfa MCAL/Gpt/static/Gpt.o
 .debug_aranges
                0x00000000       0x28 MCAL/Gpt/static/Gpt.o
 .debug_ranges  0x00000000       0x18 MCAL/Gpt/static/Gpt.o
 .debug_line    0x00000000      0x162 MCAL/Gpt/static/Gpt.o
 .debug_str     0x00000000      0x3c0 MCAL/Gpt/static/Gpt.o
 .comment       0x00000000       0x31 MCAL/Gpt/static/Gpt.o
 .debug_frame   0x00000000       0x34 MCAL/Gpt/static/Gpt.o
 .text          0x00000000        0x0 MCAL/Pwm/config/Pwm_Lcfg.o
 .data          0x00000000        0x0 MCAL/Pwm/config/Pwm_Lcfg.o
 .bss           0x00000000        0x0 MCAL/Pwm/config/Pwm_Lcfg.o
 .data.gStrPwm_Configuration
                0x00000000       0x1e MCAL/Pwm/config/Pwm_Lcfg.o
 .debug_info    0x00000000      0x1da MCAL/Pwm/config/Pwm_Lcfg.o
 .debug_abbrev  0x00000000       0x7f MCAL/Pwm/config/Pwm_Lcfg.o
 .debug_aranges
                0x00000000       0x18 MCAL/Pwm/config/Pwm_Lcfg.o
 .debug_line    0x00000000       0x6e MCAL/Pwm/config/Pwm_Lcfg.o
 .debug_str     0x00000000      0x359 MCAL/Pwm/config/Pwm_Lcfg.o
 .comment       0x00000000       0x31 MCAL/Pwm/config/Pwm_Lcfg.o
 .text          0x00000000        0x0 MCAL/Pwm/static/Pwm.o
 .data          0x00000000        0x0 MCAL/Pwm/static/Pwm.o
 .bss           0x00000000        0x0 MCAL/Pwm/static/Pwm.o
 .text.Pwm_Init
                0x00000000      0x1e2 MCAL/Pwm/static/Pwm.o
 .text.Pwm_SetDutyCycle
                0x00000000       0xf4 MCAL/Pwm/static/Pwm.o
 .bss.gu16TimerTopValue
                0x00000000        0x2 MCAL/Pwm/static/Pwm.o
 .debug_info    0x00000000      0x26c MCAL/Pwm/static/Pwm.o
 .debug_abbrev  0x00000000       0xcf MCAL/Pwm/static/Pwm.o
 .debug_loc     0x00000000      0x1c6 MCAL/Pwm/static/Pwm.o
 .debug_aranges
                0x00000000       0x28 MCAL/Pwm/static/Pwm.o
 .debug_ranges  0x00000000       0x18 MCAL/Pwm/static/Pwm.o
 .debug_line    0x00000000      0x185 MCAL/Pwm/static/Pwm.o
 .debug_str     0x00000000      0x3a8 MCAL/Pwm/static/Pwm.o
 .comment       0x00000000       0x31 MCAL/Pwm/static/Pwm.o
 .debug_frame   0x00000000       0x70 MCAL/Pwm/static/Pwm.o
 .text          0x00000000        0x0 MCAL/Uart/config/Uart_Lcfg.o
 .data          0x00000000        0x0 MCAL/Uart/config/Uart_Lcfg.o
 .bss           0x00000000        0x0 MCAL/Uart/config/Uart_Lcfg.o
 .text          0x00000000        0x0 MCAL/Uart/static/Uart.o
 .data          0x00000000        0x0 MCAL/Uart/static/Uart.o
 .bss           0x00000000        0x0 MCAL/Uart/static/Uart.o
 .text.Uart_Receive
                0x00000000       0x1a MCAL/Uart/static/Uart.o
 .text.Uart_StringReceive
                0x00000000       0x32 MCAL/Uart/static/Uart.o
 .text          0x00000000        0x0 MCAL/Wdg/config/Wdg_Lcfg.o
 .data          0x00000000        0x0 MCAL/Wdg/config/Wdg_Lcfg.o
 .bss           0x00000000        0x0 MCAL/Wdg/config/Wdg_Lcfg.o
 .data.gStrWdg_Configuration
                0x00000000        0x2 MCAL/Wdg/config/Wdg_Lcfg.o
 .debug_info    0x00000000       0xd3 MCAL/Wdg/config/Wdg_Lcfg.o
 .debug_abbrev  0x00000000       0x6d MCAL/Wdg/config/Wdg_Lcfg.o
 .debug_aranges
                0x00000000       0x18 MCAL/Wdg/config/Wdg_Lcfg.o
 .debug_line    0x00000000       0x57 MCAL/Wdg/config/Wdg_Lcfg.o
 .debug_str     0x00000000      0x21b MCAL/Wdg/config/Wdg_Lcfg.o
 .comment       0x00000000       0x31 MCAL/Wdg/config/Wdg_Lcfg.o
 .text          0x00000000        0x0 MCAL/Wdg/static/Wdg.o
 .data          0x00000000        0x0 MCAL/Wdg/static/Wdg.o
 .bss           0x00000000        0x0 MCAL/Wdg/static/Wdg.o
 .text.Wdg_Disable
                0x00000000       0x14 MCAL/Wdg/static/Wdg.o
 .text.Wdg_Init
                0x00000000       0x24 MCAL/Wdg/static/Wdg.o
 .text.Wdg_StateSet
                0x00000000       0x16 MCAL/Wdg/static/Wdg.o
 .text.Wdg_Trigger
                0x00000000        0x4 MCAL/Wdg/static/Wdg.o
 .debug_info    0x00000000      0x1ba MCAL/Wdg/static/Wdg.o
 .debug_abbrev  0x00000000       0xd4 MCAL/Wdg/static/Wdg.o
 .debug_loc     0x00000000       0x70 MCAL/Wdg/static/Wdg.o
 .debug_aranges
                0x00000000       0x38 MCAL/Wdg/static/Wdg.o
 .debug_ranges  0x00000000       0x28 MCAL/Wdg/static/Wdg.o
 .debug_line    0x00000000       0xea MCAL/Wdg/static/Wdg.o
 .debug_str     0x00000000      0x2c0 MCAL/Wdg/static/Wdg.o
 .comment       0x00000000       0x31 MCAL/Wdg/static/Wdg.o
 .debug_frame   0x00000000       0x54 MCAL/Wdg/static/Wdg.o
 .text          0x00000000        0x0 c:/program files (x86)/atmel/studio/7.0/toolchain/avr8/avr8-gnu-toolchain/bin/../lib/gcc/avr/5.4.0/../../../../avr/lib/avr5\libm.a(addsf3.o)
 .data          0x00000000        0x0 c:/program files (x86)/atmel/studio/7.0/toolchain/avr8/avr8-gnu-toolchain/bin/../lib/gcc/avr/5.4.0/../../../../avr/lib/avr5\libm.a(addsf3.o)
 .bss           0x00000000        0x0 c:/program files (x86)/atmel/studio/7.0/toolchain/avr8/avr8-gnu-toolchain/bin/../lib/gcc/avr/5.4.0/../../../../avr/lib/avr5\libm.a(addsf3.o)
 .text          0x00000000        0x0 c:/program files (x86)/atmel/studio/7.0/toolchain/avr8/avr8-gnu-toolchain/bin/../lib/gcc/avr/5.4.0/../../../../avr/lib/avr5\libm.a(addsf3x.o)
 .data          0x00000000        0x0 c:/program files (x86)/atmel/studio/7.0/toolchain/avr8/avr8-gnu-toolchain/bin/../lib/gcc/avr/5.4.0/../../../../avr/lib/avr5\libm.a(addsf3x.o)
 .bss           0x00000000        0x0 c:/program files (x86)/atmel/studio/7.0/toolchain/avr8/avr8-gnu-toolchain/bin/../lib/gcc/avr/5.4.0/../../../../avr/lib/avr5\libm.a(addsf3x.o)
 .text          0x00000000        0x0 c:/program files (x86)/atmel/studio/7.0/toolchain/avr8/avr8-gnu-toolchain/bin/../lib/gcc/avr/5.4.0/../../../../avr/lib/avr5\libm.a(divsf3.o)
 .data          0x00000000        0x0 c:/program files (x86)/atmel/studio/7.0/toolchain/avr8/avr8-gnu-toolchain/bin/../lib/gcc/avr/5.4.0/../../../../avr/lib/avr5\libm.a(divsf3.o)
 .bss           0x00000000        0x0 c:/program files (x86)/atmel/studio/7.0/toolchain/avr8/avr8-gnu-toolchain/bin/../lib/gcc/avr/5.4.0/../../../../avr/lib/avr5\libm.a(divsf3.o)
 .text          0x00000000        0x0 c:/program files (x86)/atmel/studio/7.0/toolchain/avr8/avr8-gnu-toolchain/bin/../lib/gcc/avr/5.4.0/../../../../avr/lib/avr5\libm.a(divsf3x.o)
 .data          0x00000000        0x0 c:/program files (x86)/atmel/studio/7.0/toolchain/avr8/avr8-gnu-toolchain/bin/../lib/gcc/avr/5.4.0/../../../../avr/lib/avr5\libm.a(divsf3x.o)
 .bss           0x00000000        0x0 c:/program files (x86)/atmel/studio/7.0/toolchain/avr8/avr8-gnu-toolchain/bin/../lib/gcc/avr/5.4.0/../../../../avr/lib/avr5\libm.a(divsf3x.o)
 .text          0x00000000        0x0 c:/program files (x86)/atmel/studio/7.0/toolchain/avr8/avr8-gnu-toolchain/bin/../lib/gcc/avr/5.4.0/../../../../avr/lib/avr5\libm.a(fixunssfsi.o)
 .data          0x00000000        0x0 c:/program files (x86)/atmel/studio/7.0/toolchain/avr8/avr8-gnu-toolchain/bin/../lib/gcc/avr/5.4.0/../../../../avr/lib/avr5\libm.a(fixunssfsi.o)
 .bss           0x00000000        0x0 c:/program files (x86)/atmel/studio/7.0/toolchain/avr8/avr8-gnu-toolchain/bin/../lib/gcc/avr/5.4.0/../../../../avr/lib/avr5\libm.a(fixunssfsi.o)
 .text          0x00000000        0x0 c:/program files (x86)/atmel/studio/7.0/toolchain/avr8/avr8-gnu-toolchain/bin/../lib/gcc/avr/5.4.0/../../../../avr/lib/avr5\libm.a(floatsisf.o)
 .data          0x00000000        0x0 c:/program files (x86)/atmel/studio/7.0/toolchain/avr8/avr8-gnu-toolchain/bin/../lib/gcc/avr/5.4.0/../../../../avr/lib/avr5\libm.a(floatsisf.o)
 .bss           0x00000000        0x0 c:/program files (x86)/atmel/studio/7.0/toolchain/avr8/avr8-gnu-toolchain/bin/../lib/gcc/avr/5.4.0/../../../../avr/lib/avr5\libm.a(floatsisf.o)
 .text          0x00000000        0x0 c:/program files (x86)/atmel/studio/7.0/toolchain/avr8/avr8-gnu-toolchain/bin/../lib/gcc/avr/5.4.0/../../../../avr/lib/avr5\libm.a(fp_inf.o)
 .data          0x00000000        0x0 c:/program files (x86)/atmel/studio/7.0/toolchain/avr8/avr8-gnu-toolchain/bin/../lib/gcc/avr/5.4.0/../../../../avr/lib/avr5\libm.a(fp_inf.o)
 .bss           0x00000000        0x0 c:/program files (x86)/atmel/studio/7.0/toolchain/avr8/avr8-gnu-toolchain/bin/../lib/gcc/avr/5.4.0/../../../../avr/lib/avr5\libm.a(fp_inf.o)
 .text          0x00000000        0x0 c:/program files (x86)/atmel/studio/7.0/toolchain/avr8/avr8-gnu-toolchain/bin/../lib/gcc/avr/5.4.0/../../../../avr/lib/avr5\libm.a(fp_nan.o)
 .data          0x00000000        0x0 c:/program files (x86)/atmel/studio/7.0/toolchain/avr8/avr8-gnu-toolchain/bin/../lib/gcc/avr/5.4.0/../../../../avr/lib/avr5\libm.a(fp_nan.o)
 .bss           0x00000000        0x0 c:/program files (x86)/atmel/studio/7.0/toolchain/avr8/avr8-gnu-toolchain/bin/../lib/gcc/avr/5.4.0/../../../../avr/lib/avr5\libm.a(fp_nan.o)
 .text          0x00000000        0x0 c:/program files (x86)/atmel/studio/7.0/toolchain/avr8/avr8-gnu-toolchain/bin/../lib/gcc/avr/5.4.0/../../../../avr/lib/avr5\libm.a(fp_pscA.o)
 .data          0x00000000        0x0 c:/program files (x86)/atmel/studio/7.0/toolchain/avr8/avr8-gnu-toolchain/bin/../lib/gcc/avr/5.4.0/../../../../avr/lib/avr5\libm.a(fp_pscA.o)
 .bss           0x00000000        0x0 c:/program files (x86)/atmel/studio/7.0/toolchain/avr8/avr8-gnu-toolchain/bin/../lib/gcc/avr/5.4.0/../../../../avr/lib/avr5\libm.a(fp_pscA.o)
 .text          0x00000000        0x0 c:/program files (x86)/atmel/studio/7.0/toolchain/avr8/avr8-gnu-toolchain/bin/../lib/gcc/avr/5.4.0/../../../../avr/lib/avr5\libm.a(fp_pscB.o)
 .data          0x00000000        0x0 c:/program files (x86)/atmel/studio/7.0/toolchain/avr8/avr8-gnu-toolchain/bin/../lib/gcc/avr/5.4.0/../../../../avr/lib/avr5\libm.a(fp_pscB.o)
 .bss           0x00000000        0x0 c:/program files (x86)/atmel/studio/7.0/toolchain/avr8/avr8-gnu-toolchain/bin/../lib/gcc/avr/5.4.0/../../../../avr/lib/avr5\libm.a(fp_pscB.o)
 .text          0x00000000        0x0 c:/program files (x86)/atmel/studio/7.0/toolchain/avr8/avr8-gnu-toolchain/bin/../lib/gcc/avr/5.4.0/../../../../avr/lib/avr5\libm.a(fp_round.o)
 .data          0x00000000        0x0 c:/program files (x86)/atmel/studio/7.0/toolchain/avr8/avr8-gnu-toolchain/bin/../lib/gcc/avr/5.4.0/../../../../avr/lib/avr5\libm.a(fp_round.o)
 .bss           0x00000000        0x0 c:/program files (x86)/atmel/studio/7.0/toolchain/avr8/avr8-gnu-toolchain/bin/../lib/gcc/avr/5.4.0/../../../../avr/lib/avr5\libm.a(fp_round.o)
 .text          0x00000000        0x0 c:/program files (x86)/atmel/studio/7.0/toolchain/avr8/avr8-gnu-toolchain/bin/../lib/gcc/avr/5.4.0/../../../../avr/lib/avr5\libm.a(fp_split3.o)
 .data          0x00000000        0x0 c:/program files (x86)/atmel/studio/7.0/toolchain/avr8/avr8-gnu-toolchain/bin/../lib/gcc/avr/5.4.0/../../../../avr/lib/avr5\libm.a(fp_split3.o)
 .bss           0x00000000        0x0 c:/program files (x86)/atmel/studio/7.0/toolchain/avr8/avr8-gnu-toolchain/bin/../lib/gcc/avr/5.4.0/../../../../avr/lib/avr5\libm.a(fp_split3.o)
 .text          0x00000000        0x0 c:/program files (x86)/atmel/studio/7.0/toolchain/avr8/avr8-gnu-toolchain/bin/../lib/gcc/avr/5.4.0/../../../../avr/lib/avr5\libm.a(fp_zero.o)
 .data          0x00000000        0x0 c:/program files (x86)/atmel/studio/7.0/toolchain/avr8/avr8-gnu-toolchain/bin/../lib/gcc/avr/5.4.0/../../../../avr/lib/avr5\libm.a(fp_zero.o)
 .bss           0x00000000        0x0 c:/program files (x86)/atmel/studio/7.0/toolchain/avr8/avr8-gnu-toolchain/bin/../lib/gcc/avr/5.4.0/../../../../avr/lib/avr5\libm.a(fp_zero.o)
 .text          0x00000000        0x0 c:/program files (x86)/atmel/studio/7.0/toolchain/avr8/avr8-gnu-toolchain/bin/../lib/gcc/avr/5.4.0/../../../../avr/lib/avr5\libm.a(mulsf3.o)
 .data          0x00000000        0x0 c:/program files (x86)/atmel/studio/7.0/toolchain/avr8/avr8-gnu-toolchain/bin/../lib/gcc/avr/5.4.0/../../../../avr/lib/avr5\libm.a(mulsf3.o)
 .bss           0x00000000        0x0 c:/program files (x86)/atmel/studio/7.0/toolchain/avr8/avr8-gnu-toolchain/bin/../lib/gcc/avr/5.4.0/../../../../avr/lib/avr5\libm.a(mulsf3.o)
 .text          0x00000000        0x0 c:/program files (x86)/atmel/studio/7.0/toolchain/avr8/avr8-gnu-toolchain/bin/../lib/gcc/avr/5.4.0/../../../../avr/lib/avr5\libm.a(mulsf3x.o)
 .data          0x00000000        0x0 c:/program files (x86)/atmel/studio/7.0/toolchain/avr8/avr8-gnu-toolchain/bin/../lib/gcc/avr/5.4.0/../../../../avr/lib/avr5\libm.a(mulsf3x.o)
 .bss           0x00000000        0x0 c:/program files (x86)/atmel/studio/7.0/toolchain/avr8/avr8-gnu-toolchain/bin/../lib/gcc/avr/5.4.0/../../../../avr/lib/avr5\libm.a(mulsf3x.o)
 .text          0x00000000        0x0 c:/program files (x86)/atmel/studio/7.0/toolchain/avr8/avr8-gnu-toolchain/bin/../lib/gcc/avr/5.4.0/avr5\libgcc.a(_exit.o)
 .data          0x00000000        0x0 c:/program files (x86)/atmel/studio/7.0/toolchain/avr8/avr8-gnu-toolchain/bin/../lib/gcc/avr/5.4.0/avr5\libgcc.a(_exit.o)
 .bss           0x00000000        0x0 c:/program files (x86)/atmel/studio/7.0/toolchain/avr8/avr8-gnu-toolchain/bin/../lib/gcc/avr/5.4.0/avr5\libgcc.a(_exit.o)
 .text.libgcc.mul
                0x00000000        0x0 c:/program files (x86)/atmel/studio/7.0/toolchain/avr8/avr8-gnu-toolchain/bin/../lib/gcc/avr/5.4.0/avr5\libgcc.a(_exit.o)
 .text.libgcc.div
                0x00000000        0x0 c:/program files (x86)/atmel/studio/7.0/toolchain/avr8/avr8-gnu-toolchain/bin/../lib/gcc/avr/5.4.0/avr5\libgcc.a(_exit.o)
 .text.libgcc   0x00000000        0x0 c:/program files (x86)/atmel/studio/7.0/toolchain/avr8/avr8-gnu-toolchain/bin/../lib/gcc/avr/5.4.0/avr5\libgcc.a(_exit.o)
 .text.libgcc.prologue
                0x00000000        0x0 c:/program files (x86)/atmel/studio/7.0/toolchain/avr8/avr8-gnu-toolchain/bin/../lib/gcc/avr/5.4.0/avr5\libgcc.a(_exit.o)
 .text.libgcc.builtins
                0x00000000        0x0 c:/program files (x86)/atmel/studio/7.0/toolchain/avr8/avr8-gnu-toolchain/bin/../lib/gcc/avr/5.4.0/avr5\libgcc.a(_exit.o)
 .text.libgcc.fmul
                0x00000000        0x0 c:/program files (x86)/atmel/studio/7.0/toolchain/avr8/avr8-gnu-toolchain/bin/../lib/gcc/avr/5.4.0/avr5\libgcc.a(_exit.o)
 .text.libgcc.fixed
                0x00000000        0x0 c:/program files (x86)/atmel/studio/7.0/toolchain/avr8/avr8-gnu-toolchain/bin/../lib/gcc/avr/5.4.0/avr5\libgcc.a(_exit.o)
 .text          0x00000000        0x0 c:/program files (x86)/atmel/studio/7.0/toolchain/avr8/avr8-gnu-toolchain/bin/../lib/gcc/avr/5.4.0/avr5\libgcc.a(_copy_data.o)
 .data          0x00000000        0x0 c:/program files (x86)/atmel/studio/7.0/toolchain/avr8/avr8-gnu-toolchain/bin/../lib/gcc/avr/5.4.0/avr5\libgcc.a(_copy_data.o)
 .bss           0x00000000        0x0 c:/program files (x86)/atmel/studio/7.0/toolchain/avr8/avr8-gnu-toolchain/bin/../lib/gcc/avr/5.4.0/avr5\libgcc.a(_copy_data.o)
 .text.libgcc.mul
                0x00000000        0x0 c:/program files (x86)/atmel/studio/7.0/toolchain/avr8/avr8-gnu-toolchain/bin/../lib/gcc/avr/5.4.0/avr5\libgcc.a(_copy_data.o)
 .text.libgcc.div
                0x00000000        0x0 c:/program files (x86)/atmel/studio/7.0/toolchain/avr8/avr8-gnu-toolchain/bin/../lib/gcc/avr/5.4.0/avr5\libgcc.a(_copy_data.o)
 .text.libgcc   0x00000000        0x0 c:/program files (x86)/atmel/studio/7.0/toolchain/avr8/avr8-gnu-toolchain/bin/../lib/gcc/avr/5.4.0/avr5\libgcc.a(_copy_data.o)
 .text.libgcc.prologue
                0x00000000        0x0 c:/program files (x86)/atmel/studio/7.0/toolchain/avr8/avr8-gnu-toolchain/bin/../lib/gcc/avr/5.4.0/avr5\libgcc.a(_copy_data.o)
 .text.libgcc.builtins
                0x00000000        0x0 c:/program files (x86)/atmel/studio/7.0/toolchain/avr8/avr8-gnu-toolchain/bin/../lib/gcc/avr/5.4.0/avr5\libgcc.a(_copy_data.o)
 .text.libgcc.fmul
                0x00000000        0x0 c:/program files (x86)/atmel/studio/7.0/toolchain/avr8/avr8-gnu-toolchain/bin/../lib/gcc/avr/5.4.0/avr5\libgcc.a(_copy_data.o)
 .text.libgcc.fixed
                0x00000000        0x0 c:/program files (x86)/atmel/studio/7.0/toolchain/avr8/avr8-gnu-toolchain/bin/../lib/gcc/avr/5.4.0/avr5\libgcc.a(_copy_data.o)
 .text          0x00000000        0x0 c:/program files (x86)/atmel/studio/7.0/toolchain/avr8/avr8-gnu-toolchain/bin/../lib/gcc/avr/5.4.0/avr5\libgcc.a(_clear_bss.o)
 .data          0x00000000        0x0 c:/program files (x86)/atmel/studio/7.0/toolchain/avr8/avr8-gnu-toolchain/bin/../lib/gcc/avr/5.4.0/avr5\libgcc.a(_clear_bss.o)
 .bss           0x00000000        0x0 c:/program files (x86)/atmel/studio/7.0/toolchain/avr8/avr8-gnu-toolchain/bin/../lib/gcc/avr/5.4.0/avr5\libgcc.a(_clear_bss.o)
 .text.libgcc.mul
                0x00000000        0x0 c:/program files (x86)/atmel/studio/7.0/toolchain/avr8/avr8-gnu-toolchain/bin/../lib/gcc/avr/5.4.0/avr5\libgcc.a(_clear_bss.o)
 .text.libgcc.div
                0x00000000        0x0 c:/program files (x86)/atmel/studio/7.0/toolchain/avr8/avr8-gnu-toolchain/bin/../lib/gcc/avr/5.4.0/avr5\libgcc.a(_clear_bss.o)
 .text.libgcc   0x00000000        0x0 c:/program files (x86)/atmel/studio/7.0/toolchain/avr8/avr8-gnu-toolchain/bin/../lib/gcc/avr/5.4.0/avr5\libgcc.a(_clear_bss.o)
 .text.libgcc.prologue
                0x00000000        0x0 c:/program files (x86)/atmel/studio/7.0/toolchain/avr8/avr8-gnu-toolchain/bin/../lib/gcc/avr/5.4.0/avr5\libgcc.a(_clear_bss.o)
 .text.libgcc.builtins
                0x00000000        0x0 c:/program files (x86)/atmel/studio/7.0/toolchain/avr8/avr8-gnu-toolchain/bin/../lib/gcc/avr/5.4.0/avr5\libgcc.a(_clear_bss.o)
 .text.libgcc.fmul
                0x00000000        0x0 c:/program files (x86)/atmel/studio/7.0/toolchain/avr8/avr8-gnu-toolchain/bin/../lib/gcc/avr/5.4.0/avr5\libgcc.a(_clear_bss.o)
 .text.libgcc.fixed
                0x00000000        0x0 c:/program files (x86)/atmel/studio/7.0/toolchain/avr8/avr8-gnu-toolchain/bin/../lib/gcc/avr/5.4.0/avr5\libgcc.a(_clear_bss.o)
 .text          0x00000000        0x0 c:/program files (x86)/atmel/studio/7.0/toolchain/avr8/avr8-gnu-toolchain/bin/../lib/gcc/avr/5.4.0/avr5\libgcc.a(_umulhisi3.o)
 .data          0x00000000        0x0 c:/program files (x86)/atmel/studio/7.0/toolchain/avr8/avr8-gnu-toolchain/bin/../lib/gcc/avr/5.4.0/avr5\libgcc.a(_umulhisi3.o)
 .bss           0x00000000        0x0 c:/program files (x86)/atmel/studio/7.0/toolchain/avr8/avr8-gnu-toolchain/bin/../lib/gcc/avr/5.4.0/avr5\libgcc.a(_umulhisi3.o)
 .text.libgcc.mul
                0x00000000       0x1e c:/program files (x86)/atmel/studio/7.0/toolchain/avr8/avr8-gnu-toolchain/bin/../lib/gcc/avr/5.4.0/avr5\libgcc.a(_umulhisi3.o)
 .text.libgcc.div
                0x00000000        0x0 c:/program files (x86)/atmel/studio/7.0/toolchain/avr8/avr8-gnu-toolchain/bin/../lib/gcc/avr/5.4.0/avr5\libgcc.a(_umulhisi3.o)
 .text.libgcc   0x00000000        0x0 c:/program files (x86)/atmel/studio/7.0/toolchain/avr8/avr8-gnu-toolchain/bin/../lib/gcc/avr/5.4.0/avr5\libgcc.a(_umulhisi3.o)
 .text.libgcc.prologue
                0x00000000        0x0 c:/program files (x86)/atmel/studio/7.0/toolchain/avr8/avr8-gnu-toolchain/bin/../lib/gcc/avr/5.4.0/avr5\libgcc.a(_umulhisi3.o)
 .text.libgcc.builtins
                0x00000000        0x0 c:/program files (x86)/atmel/studio/7.0/toolchain/avr8/avr8-gnu-toolchain/bin/../lib/gcc/avr/5.4.0/avr5\libgcc.a(_umulhisi3.o)
 .text.libgcc.fmul
                0x00000000        0x0 c:/program files (x86)/atmel/studio/7.0/toolchain/avr8/avr8-gnu-toolchain/bin/../lib/gcc/avr/5.4.0/avr5\libgcc.a(_umulhisi3.o)
 .text.libgcc.fixed
                0x00000000        0x0 c:/program files (x86)/atmel/studio/7.0/toolchain/avr8/avr8-gnu-toolchain/bin/../lib/gcc/avr/5.4.0/avr5\libgcc.a(_umulhisi3.o)
 .text          0x00000000        0x0 c:/program files (x86)/atmel/studio/7.0/toolchain/avr8/avr8-gnu-toolchain/bin/../lib/gcc/avr/5.4.0/../../../../avr/lib/avr5\libc.a(itoa_ncheck.o)
 .data          0x00000000        0x0 c:/program files (x86)/atmel/studio/7.0/toolchain/avr8/avr8-gnu-toolchain/bin/../lib/gcc/avr/5.4.0/../../../../avr/lib/avr5\libc.a(itoa_ncheck.o)
 .bss           0x00000000        0x0 c:/program files (x86)/atmel/studio/7.0/toolchain/avr8/avr8-gnu-toolchain/bin/../lib/gcc/avr/5.4.0/../../../../avr/lib/avr5\libc.a(itoa_ncheck.o)
 .text.avr-libc
                0x00000000       0x16 c:/program files (x86)/atmel/studio/7.0/toolchain/avr8/avr8-gnu-toolchain/bin/../lib/gcc/avr/5.4.0/../../../../avr/lib/avr5\libc.a(itoa_ncheck.o)
 .text          0x00000000        0x0 c:/program files (x86)/atmel/studio/7.0/toolchain/avr8/avr8-gnu-toolchain/bin/../lib/gcc/avr/5.4.0/../../../../avr/lib/avr5\libc.a(utoa_ncheck.o)
 .data          0x00000000        0x0 c:/program files (x86)/atmel/studio/7.0/toolchain/avr8/avr8-gnu-toolchain/bin/../lib/gcc/avr/5.4.0/../../../../avr/lib/avr5\libc.a(utoa_ncheck.o)
 .bss           0x00000000        0x0 c:/program files (x86)/atmel/studio/7.0/toolchain/avr8/avr8-gnu-toolchain/bin/../lib/gcc/avr/5.4.0/../../../../avr/lib/avr5\libc.a(utoa_ncheck.o)
 .text.avr-libc
                0x00000000       0x34 c:/program files (x86)/atmel/studio/7.0/toolchain/avr8/avr8-gnu-toolchain/bin/../lib/gcc/avr/5.4.0/../../../../avr/lib/avr5\libc.a(utoa_ncheck.o)
 .text          0x00000000        0x0 c:/program files (x86)/atmel/studio/7.0/toolchain/avr8/avr8-gnu-toolchain/bin/../lib/gcc/avr/5.4.0/../../../../avr/lib/avr5\libc.a(strrev.o)
 .data          0x00000000        0x0 c:/program files (x86)/atmel/studio/7.0/toolchain/avr8/avr8-gnu-toolchain/bin/../lib/gcc/avr/5.4.0/../../../../avr/lib/avr5\libc.a(strrev.o)
 .bss           0x00000000        0x0 c:/program files (x86)/atmel/studio/7.0/toolchain/avr8/avr8-gnu-toolchain/bin/../lib/gcc/avr/5.4.0/../../../../avr/lib/avr5\libc.a(strrev.o)
 .text.avr-libc
                0x00000000       0x20 c:/program files (x86)/atmel/studio/7.0/toolchain/avr8/avr8-gnu-toolchain/bin/../lib/gcc/avr/5.4.0/../../../../avr/lib/avr5\libc.a(strrev.o)

Memory Configuration

Name             Origin             Length             Attributes
text             0x00000000         0x00008000         xr
data             0x00800060         0x00000800         rw !x
eeprom           0x00810000         0x00000400         rw !x
fuse             0x00820000         0x00000002         rw !x
lock             0x00830000         0x00000400         rw !x
signature        0x00840000         0x00000400         rw !x
user_signatures  0x00850000         0x00000400         rw !x
*default*        0x00000000         0xffffffff

Linker script and memory map

LOAD C:/Program Files (x86)/Atmel/Studio/7.0/Packs/atmel/ATmega_DFP/1.6.364/gcc/dev/atmega32a/avr5/crtatmega32a.o
LOAD HAL/DC_Motor/DC_Motor.o
LOAD HAL/LCD/LCD.o
LOAD HAL/Led/Led.o
LOAD HAL/Pot/Potentiometer.o
LOAD HAL/TempSensor/TempSensor.o
LOAD main.o
LOAD MCAL/Adc/config/Adc_Lcfg.o
LOAD MCAL/Adc/static/Adc.o
LOAD MCAL/Dio/Dio.o
LOAD MCAL/Ext_Interrupts/Ext_Interrupts.o
LOAD MCAL/Gpt/config/Gpt_Lcfg.o
LOAD MCAL/Gpt/static/Gpt.o
LOAD MCAL/Pwm/config/Pwm_Lcfg.o
LOAD MCAL/Pwm/static/Pwm.o
LOAD MCAL/Uart/config/Uart_Lcfg.o
LOAD MCAL/Uart/static/Uart.o
LOAD MCAL/Wdg/config/Wdg_Lcfg.o
LOAD MCAL/Wdg/static/Wdg.o
START GROUP
LOAD c:/program files (x86)/atmel/studio/7.0/toolchain/avr8/avr8-gnu-toolchain/bin/../lib/gcc/avr/5.4.0/../../../../avr/lib/avr5\libm.a
END GROUP
START GROUP
LOAD c:/program files (x86)/atmel/studio/7.0/toolchain/avr8/avr8-gnu-toolchain/bin/../lib/gcc/avr/5.4.0/avr5\libgcc.a
LOAD c:/program files (x86)/atmel/studio/7.0/toolchain/avr8/avr8-gnu-toolchain/bin/../lib/gcc/avr/5.4.0/../../../../avr/lib/avr5\libm.a
LOAD c:/program files (x86)/atmel/studio/7.0/toolchain/avr8/avr8-gnu-toolchain/bin/../lib/gcc/avr/5.4.0/../../../../avr/lib/avr5\libc.a
LOAD C:/Program Files (x86)/Atmel/Studio/7.0/Packs/atmel/ATmega_DFP/1.6.364/gcc/dev/atmega32a/avr5\libatmega32a.a
END GROUP
                [0x00000000]                __TEXT_REGION_ORIGIN__ = DEFINED (__TEXT_REGION_ORIGIN__)?__TEXT_REGION_ORIGIN__:0x0
                [0x00800060]                __DATA_REGION_ORIGIN__ = DEFINED (__DATA_REGION_ORIGIN__)?__DATA_REGION_ORIGIN__:0x800060
                [0x00008000]                __TEXT_REGION_LENGTH__ = DEFINED (__TEXT_REGION_LENGTH__)?__TEXT_REGION_LENGTH__:0x20000
                [0x00000800]                __DATA_REGION_LENGTH__ = DEFINED (__DATA_REGION_LENGTH__)?__DATA_REGION_LENGTH__:0xffa0
                [0x00000400]                __EEPROM_REGION_LENGTH__ = DEFINED (__EEPROM_REGION_LENGTH__)?__EEPROM_REGION_LENGTH__:0x10000
                [0x00000002]                __FUSE_REGION_LENGTH__ = DEFINED (__FUSE_REGION_LENGTH__)?__FUSE_REGION_LENGTH__:0x400
                0x00000400                __LOCK_REGION_LENGTH__ = DEFINED (__LOCK_REGION_LENGTH__)?__LOCK_REGION_LENGTH__:0x400
                0x00000400                __SIGNATURE_REGION_LENGTH__ = DEFINED (__SIGNATURE_REGION_LENGTH__)?__SIGNATURE_REGION_LENGTH__:0x400
                0x00000400                __USER_SIGNATURE_REGION_LENGTH__ = DEFINED (__USER_SIGNATURE_REGION_LENGTH__)?__USER_SIGNATURE_REGION_LENGTH__:0x400

.hash
 *(.hash)

.dynsym
 *(.dynsym)

.dynstr
 *(.dynstr)

.gnu.version
 *(.gnu.version)

.gnu.version_d
 *(.gnu.version_d)

.gnu.version_r
 *(.gnu.version_r)

.rel.init
 *(.rel.init)

.rela.init
 *(.rela.init)

.rel.text
 *(.rel.text)
 *(.rel.text.*)
 *(.rel.gnu.linkonce.t*)

.rela.text
 *(.rela.text)
 *(.rela.text.*)
 *(.rela.gnu.linkonce.t*)

.rel.fini
 *(.rel.fini)

.rela.fini
 *(.rela.fini)

.rel.rodata
 *(.rel.rodata)
 *(.rel.rodata.*)
 *(.rel.gnu.linkonce.r*)

.rela.rodata
 *(.rela.rodata)
 *(.rela.rodata.*)
 *(.rela.gnu.linkonce.r*)

.rel.data
 *(.rel.data)
 *(.rel.data.*)
 *(.rel.gnu.linkonce.d*)

.rela.data
 *(.rela.data)
 *(.rela.data.*)
 *(.rela.gnu.linkonce.d*)

.rel.ctors
 *(.rel.ctors)

.rela.ctors
 *(.rela.ctors)

.rel.dtors
 *(.rel.dtors)

.rela.dtors
 *(.rela.dtors)

.rel.got
 *(.rel.got)

.rela.got
 *(.rela.got)

.rel.bss
 *(.rel.bss)

.rela.bss
 *(.rela.bss)

.rel.plt
 *(.rel.plt)

.rela.plt
 *(.rela.plt)

.text           0x00000000      0x6a6
 *(.vectors)
 .vectors       0x00000000       0x54 C:/Program Files (x86)/Atmel/Studio/7.0/Packs/atmel/ATmega_DFP/1.6.364/gcc/dev/atmega32a/avr5/crtatmega32a.o
                0x00000000                __vector_default
                0x00000000                __vectors
 *(.vectors)
 *(.progmem.gcc*)
                0x00000054                . = ALIGN (0x2)
                0x00000054                __trampolines_start = .
 *(.trampolines)
 .trampolines   0x00000054        0x0 linker stubs
 *(.trampolines*)
                0x00000054                __trampolines_end = .
 *libprintf_flt.a:*(.progmem.data)
 *libc.a:*(.progmem.data)
 *(.progmem*)
                0x00000054                . = ALIGN (0x2)
 *(.jumptables)
 *(.jumptables*)
 *(.lowtext)
 *(.lowtext*)
                0x00000054                __ctors_start = .
 *(.ctors)
                0x00000054                __ctors_end = .
                0x00000054                __dtors_start = .
 *(.dtors)
                0x00000054                __dtors_end = .
 SORT(*)(.ctors)
 SORT(*)(.dtors)
 *(.init0)
 .init0         0x00000054        0x0 C:/Program Files (x86)/Atmel/Studio/7.0/Packs/atmel/ATmega_DFP/1.6.364/gcc/dev/atmega32a/avr5/crtatmega32a.o
                0x00000054                __init
 *(.init0)
 *(.init1)
 *(.init1)
 *(.init2)
 .init2         0x00000054        0xc C:/Program Files (x86)/Atmel/Studio/7.0/Packs/atmel/ATmega_DFP/1.6.364/gcc/dev/atmega32a/avr5/crtatmega32a.o
 *(.init2)
 *(.init3)
 *(.init3)
 *(.init4)
 .init4         0x00000060       0x16 c:/program files (x86)/atmel/studio/7.0/toolchain/avr8/avr8-gnu-toolchain/bin/../lib/gcc/avr/5.4.0/avr5\libgcc.a(_copy_data.o)
                0x00000060                __do_copy_data
 .init4         0x00000076       0x10 c:/program files (x86)/atmel/studio/7.0/toolchain/avr8/avr8-gnu-toolchain/bin/../lib/gcc/avr/5.4.0/avr5\libgcc.a(_clear_bss.o)
                0x00000076                __do_clear_bss
 *(.init4)
 *(.init5)
 *(.init5)
 *(.init6)
 *(.init6)
 *(.init7)
 *(.init7)
 *(.init8)
 *(.init8)
 *(.init9)
 .init9         0x00000086        0x8 C:/Program Files (x86)/Atmel/Studio/7.0/Packs/atmel/ATmega_DFP/1.6.364/gcc/dev/atmega32a/avr5/crtatmega32a.o
 *(.init9)
 *(.text)
 .text          0x0000008e        0x4 C:/Program Files (x86)/Atmel/Studio/7.0/Packs/atmel/ATmega_DFP/1.6.364/gcc/dev/atmega32a/avr5/crtatmega32a.o
                0x0000008e                __vector_1
                0x0000008e                __vector_12
                0x0000008e                __bad_interrupt
                0x0000008e                __vector_6
                0x0000008e                __vector_3
                0x0000008e                __vector_11
                0x0000008e                __vector_13
                0x0000008e                __vector_17
                0x0000008e                __vector_19
                0x0000008e                __vector_7
                0x0000008e                __vector_5
                0x0000008e                __vector_4
                0x0000008e                __vector_9
                0x0000008e                __vector_2
                0x0000008e                __vector_15
                0x0000008e                __vector_8
                0x0000008e                __vector_14
                0x0000008e                __vector_10
                0x0000008e                __vector_16
                0x0000008e                __vector_18
                0x0000008e                __vector_20
                0x00000092                . = ALIGN (0x2)
 *(.text.*)
 .text.main     0x00000092       0x24 main.o
                0x00000092                main
 .text.Uart_Init
                0x000000b6      0x186 MCAL/Uart/static/Uart.o
                0x000000b6                Uart_Init
 .text.Uart_StatusGet
                0x0000023c       0x26 MCAL/Uart/static/Uart.o
                0x0000023c                Uart_StatusGet
 .text.Uart_Transmit
                0x00000262       0x14 MCAL/Uart/static/Uart.o
                0x00000262                Uart_Transmit
 .text.Uart_StringTransmit
                0x00000276       0x1a MCAL/Uart/static/Uart.o
                0x00000276                Uart_StringTransmit
 .text.avr-libc.fplib
                0x00000290        0xe c:/program files (x86)/atmel/studio/7.0/toolchain/avr8/avr8-gnu-toolchain/bin/../lib/gcc/avr/5.4.0/../../../../avr/lib/avr5\libm.a(addsf3.o)
                0x00000290                __subsf3
                0x00000292                __addsf3
 .text.avr-libc.fplib
                0x0000029e       0xcc c:/program files (x86)/atmel/studio/7.0/toolchain/avr8/avr8-gnu-toolchain/bin/../lib/gcc/avr/5.4.0/../../../../avr/lib/avr5\libm.a(addsf3x.o)
                0x000002c0                __addsf3x
 .text.avr-libc.fplib
                0x0000036a        0x8 c:/program files (x86)/atmel/studio/7.0/toolchain/avr8/avr8-gnu-toolchain/bin/../lib/gcc/avr/5.4.0/../../../../avr/lib/avr5\libm.a(divsf3.o)
                0x0000036a                __divsf3
 .text.avr-libc.fplib
                0x00000372       0xdc c:/program files (x86)/atmel/studio/7.0/toolchain/avr8/avr8-gnu-toolchain/bin/../lib/gcc/avr/5.4.0/../../../../avr/lib/avr5\libm.a(divsf3x.o)
                0x00000392                __divsf3x
                0x00000398                __divsf3_pse
 .text.avr-libc.fplib
                0x0000044e       0x5e c:/program files (x86)/atmel/studio/7.0/toolchain/avr8/avr8-gnu-toolchain/bin/../lib/gcc/avr/5.4.0/../../../../avr/lib/avr5\libm.a(fixunssfsi.o)
                0x0000044e                __fixunssfsi
 .text.avr-libc.fplib
                0x000004ac       0x7a c:/program files (x86)/atmel/studio/7.0/toolchain/avr8/avr8-gnu-toolchain/bin/../lib/gcc/avr/5.4.0/../../../../avr/lib/avr5\libm.a(floatsisf.o)
                0x000004ac                __floatunsisf
                0x000004b0                __floatsisf
 .text.avr-libc.fplib
                0x00000526        0xc c:/program files (x86)/atmel/studio/7.0/toolchain/avr8/avr8-gnu-toolchain/bin/../lib/gcc/avr/5.4.0/../../../../avr/lib/avr5\libm.a(fp_inf.o)
                0x00000526                __fp_inf
 .text.avr-libc.fplib
                0x00000532        0x6 c:/program files (x86)/atmel/studio/7.0/toolchain/avr8/avr8-gnu-toolchain/bin/../lib/gcc/avr/5.4.0/../../../../avr/lib/avr5\libm.a(fp_nan.o)
                0x00000532                __fp_nan
 .text.avr-libc.fplib
                0x00000538        0xe c:/program files (x86)/atmel/studio/7.0/toolchain/avr8/avr8-gnu-toolchain/bin/../lib/gcc/avr/5.4.0/../../../../avr/lib/avr5\libm.a(fp_pscA.o)
                0x00000538                __fp_pscA
 .text.avr-libc.fplib
                0x00000546        0xe c:/program files (x86)/atmel/studio/7.0/toolchain/avr8/avr8-gnu-toolchain/bin/../lib/gcc/avr/5.4.0/../../../../avr/lib/avr5\libm.a(fp_pscB.o)
                0x00000546                __fp_pscB
 .text.avr-libc.fplib
                0x00000554       0x22 c:/program files (x86)/atmel/studio/7.0/toolchain/avr8/avr8-gnu-toolchain/bin/../lib/gcc/avr/5.4.0/../../../../avr/lib/avr5\libm.a(fp_round.o)
                0x00000554                __fp_round
 .text.avr-libc.fplib
                0x00000576       0x44 c:/program files (x86)/atmel/studio/7.0/toolchain/avr8/avr8-gnu-toolchain/bin/../lib/gcc/avr/5.4.0/../../../../avr/lib/avr5\libm.a(fp_split3.o)
                0x00000576                __fp_split3
                0x00000586                __fp_splitA
 .text.avr-libc.fplib
                0x000005ba        0xe c:/program files (x86)/atmel/studio/7.0/toolchain/avr8/avr8-gnu-toolchain/bin/../lib/gcc/avr/5.4.0/../../../../avr/lib/avr5\libm.a(fp_zero.o)
                0x000005ba                __fp_zero
                0x000005bc                __fp_szero
 .text.avr-libc.fplib
                0x000005c8        0x8 c:/program files (x86)/atmel/studio/7.0/toolchain/avr8/avr8-gnu-toolchain/bin/../lib/gcc/avr/5.4.0/../../../../avr/lib/avr5\libm.a(mulsf3.o)
                0x000005c8                __mulsf3
 .text.avr-libc.fplib
                0x000005d0       0xd2 c:/program files (x86)/atmel/studio/7.0/toolchain/avr8/avr8-gnu-toolchain/bin/../lib/gcc/avr/5.4.0/../../../../avr/lib/avr5\libm.a(mulsf3x.o)
                0x000005ee                __mulsf3x
                0x000005f4                __mulsf3_pse
                0x000006a2                . = ALIGN (0x2)
 *(.fini9)
 .fini9         0x000006a2        0x0 c:/program files (x86)/atmel/studio/7.0/toolchain/avr8/avr8-gnu-toolchain/bin/../lib/gcc/avr/5.4.0/avr5\libgcc.a(_exit.o)
                0x000006a2                _exit
                0x000006a2                exit
 *(.fini9)
 *(.fini8)
 *(.fini8)
 *(.fini7)
 *(.fini7)
 *(.fini6)
 *(.fini6)
 *(.fini5)
 *(.fini5)
 *(.fini4)
 *(.fini4)
 *(.fini3)
 *(.fini3)
 *(.fini2)
 *(.fini2)
 *(.fini1)
 *(.fini1)
 *(.fini0)
 .fini0         0x000006a2        0x4 c:/program files (x86)/atmel/studio/7.0/toolchain/avr8/avr8-gnu-toolchain/bin/../lib/gcc/avr/5.4.0/avr5\libgcc.a(_exit.o)
 *(.fini0)
                0x000006a6                _etext = .

.data           0x00800060       0x12 load address 0x000006a6
                0x00800060                PROVIDE (__data_start, .)
 *(.data)
 *(.data*)
 .data.gStrUart_Configuration
                0x00800060        0xd MCAL/Uart/config/Uart_Lcfg.o
                0x00800060                gStrUart_Configuration
 *(.gnu.linkonce.d*)
 *(.rodata)
 *(.rodata*)
 .rodata.str1.1
                0x0080006d        0x4 main.o
 *(.gnu.linkonce.r*)
                0x00800072                . = ALIGN (0x2)
 *fill*         0x00800071        0x1 
                0x00800072                _edata = .
                0x00800072                PROVIDE (__data_end, .)

.bss            0x00800072        0x0
                0x00800072                PROVIDE (__bss_start, .)
 *(.bss)
 *(.bss*)
 *(COMMON)
                0x00800072                PROVIDE (__bss_end, .)
                0x000006a6                __data_load_start = LOADADDR (.data)
                0x000006b8                __data_load_end = (__data_load_start + SIZEOF (.data))

.noinit         0x00800072        0x0
                [!provide]                PROVIDE (__noinit_start, .)
 *(.noinit*)
                [!provide]                PROVIDE (__noinit_end, .)
                0x00800072                _end = .
                [!provide]                PROVIDE (__heap_start, .)

.eeprom         0x00810000        0x0
 *(.eeprom*)
                0x00810000                __eeprom_end = .

.fuse
 *(.fuse)
 *(.lfuse)
 *(.hfuse)
 *(.efuse)

.lock
 *(.lock*)

.signature
 *(.signature*)

.user_signatures
 *(.user_signatures*)

.stab
 *(.stab)

.stabstr
 *(.stabstr)

.stab.excl
 *(.stab.excl)

.stab.exclstr
 *(.stab.exclstr)

.stab.index
 *(.stab.index)

.stab.indexstr
 *(.stab.indexstr)

.comment        0x00000000       0x30
 *(.comment)
 .comment       0x00000000       0x30 main.o
                                 0x31 (size before relaxing)
 .comment       0x00000030       0x31 MCAL/Uart/config/Uart_Lcfg.o
 .comment       0x00000030       0x31 MCAL/Uart/static/Uart.o

.note.gnu.avr.deviceinfo
                0x00000000       0x3c
 .note.gnu.avr.deviceinfo
                0x00000000       0x3c C:/Program Files (x86)/Atmel/Studio/7.0/Packs/atmel/ATmega_DFP/1.6.364/gcc/dev/atmega32a/avr5/crtatmega32a.o

.note.gnu.build-id
 *(.note.gnu.build-id)

.debug
 *(.debug)

.line
 *(.line)

.debug_srcinfo
 *(.debug_srcinfo)

.debug_sfnames
 *(.debug_sfnames)

.debug_aranges  0x00000000       0x80
 *(.debug_aranges)
 .debug_aranges
                0x00000000       0x20 main.o
 .debug_aranges
                0x00000020       0x18 MCAL/Uart/config/Uart_Lcfg.o
 .debug_aranges
                0x00000038       0x48 MCAL/Uart/static/Uart.o

.debug_pubnames
 *(.debug_pubnames)

.debug_info     0x00000000     0x10cf
 *(.debug_info .gnu.linkonce.wi.*)
 .debug_info    0x00000000      0x4e6 C:/Program Files (x86)/Atmel/Studio/7.0/Packs/atmel/ATmega_DFP/1.6.364/gcc/dev/atmega32a/avr5/crtatmega32a.o
 .debug_info    0x000004e6      0x3fa main.o
 .debug_info    0x000008e0      0x30b MCAL/Uart/config/Uart_Lcfg.o
 .debug_info    0x00000beb      0x4e4 MCAL/Uart/static/Uart.o

.debug_abbrev   0x00000000      0x7c9
 *(.debug_abbrev)
 .debug_abbrev  0x00000000      0x4a3 C:/Program Files (x86)/Atmel/Studio/7.0/Packs/atmel/ATmega_DFP/1.6.364/gcc/dev/atmega32a/avr5/crtatmega32a.o
 .debug_abbrev  0x000004a3      0x154 main.o
 .debug_abbrev  0x000005f7       0x7f MCAL/Uart/config/Uart_Lcfg.o
 .debug_abbrev  0x00000676      0x153 MCAL/Uart/static/Uart.o

.debug_line     0x00000000      0x499
 *(.debug_line .debug_line.* .debug_line_end)
 .debug_line    0x00000000      0x116 C:/Program Files (x86)/Atmel/Studio/7.0/Packs/atmel/ATmega_DFP/1.6.364/gcc/dev/atmega32a/avr5/crtatmega32a.o
 .debug_line    0x00000116      0x13c main.o
 .debug_line    0x00000252       0x5b MCAL/Uart/config/Uart_Lcfg.o
 .debug_line    0x000002ad      0x1ec MCAL/Uart/static/Uart.o

.debug_frame    0x00000000       0xd4
 *(.debug_frame)
 .debug_frame   0x00000000       0x24 main.o
 .debug_frame   0x00000024       0xb0 MCAL/Uart/static/Uart.o

.debug_str      0x00000000      0x856
 *(.debug_str)
 .debug_str     0x00000000      0x196 C:/Program Files (x86)/Atmel/Studio/7.0/Packs/atmel/ATmega_DFP/1.6.364/gcc/dev/atmega32a/avr5/crtatmega32a.o
 .debug_str     0x00000196      0x5c6 main.o
                                0x606 (size before relaxing)
 .debug_str     0x0000075c       0x20 MCAL/Uart/config/Uart_Lcfg.o
                                0x5a6 (size before relaxing)
 .debug_str     0x0000077c       0xda MCAL/Uart/static/Uart.o
                                0x674 (size before relaxing)

.debug_loc      0x00000000      0x2a2
 *(.debug_loc)
 .debug_loc     0x00000000      0x2a2 MCAL/Uart/static/Uart.o

.debug_macinfo
 *(.debug_macinfo)

.debug_weaknames
 *(.debug_weaknames)

.debug_funcnames
 *(.debug_funcnames)

.debug_typenames
 *(.debug_typenames)

.debug_varnames
 *(.debug_varnames)

.debug_pubtypes
 *(.debug_pubtypes)

.debug_ranges   0x00000000       0x48
 *(.debug_ranges)
 .debug_ranges  0x00000000       0x10 main.o
 .debug_ranges  0x00000010       0x38 MCAL/Uart/static/Uart.o

.debug_macro
 *(.debug_macro)
OUTPUT(Uart.elf elf32-avr)
LOAD linker stubs
